// Jest Snapshot v1, https://goo.gl/fbAQLP

exports[`the App should render 1`] = `ShallowWrapper {}`;

exports[`the app should render 1`] = `ShallowWrapper {}`;

exports[`the header should render 1`] = `ShallowWrapper {}`;
