// Jest Snapshot v1, https://goo.gl/fbAQLP

exports[`should welcome with greeting 1`] = `ShallowWrapper {}`;
